../Core/Src/main.c:162:5:main	128	static
../Core/Src/main.c:322:6:printArrays	136	static
../Core/Src/main.c:456:6:Timer_Init	16	static
../Core/Src/main.c:470:6:Timer_Start	8	static
../Core/Src/main.c:476:10:Timer_Stop	16	static
../Core/Src/main.c:486:6:SystemClock_Config	96	static
../Core/Src/main.c:547:13:MX_CRC_Init	8	static
../Core/Src/main.c:578:13:MX_DFSDM1_Init	8	static
../Core/Src/main.c:616:13:MX_QUADSPI_Init	8	static
../Core/Src/main.c:649:13:MX_SPI3_Init	8	static
../Core/Src/main.c:689:13:MX_USART1_UART_Init	8	static
../Core/Src/main.c:724:13:MX_USART3_UART_Init	8	static
../Core/Src/main.c:759:13:MX_USB_OTG_FS_PCD_Init	8	static
../Core/Src/main.c:794:13:MX_GPIO_Init	48	static
../Core/Src/main.c:978:13:AI_Init	16	static
../Core/Src/main.c:994:13:AI_Run	24	static
../Core/Src/main.c:1011:17:argmax	32	static
../Core/Src/main.c:1025:13:MEMS_Init	48	static
../Core/Src/main.c:1061:13:PRESSURE_Init	8	static
../Core/Src/main.c:1097:13:HTS221_Init_Custom	72	static
../Core/Src/main.c:1139:13:LIS3MDL_Init_Custom	48	static
../Core/Src/main.c:1175:6:printAllPressureValues	1128	static
../Core/Src/main.c:1193:6:HAL_GPIO_EXTI_Callback	16	static
../Core/Src/main.c:1215:5:_write	24	static
../Core/Src/main.c:1226:6:Error_Handler	8	static
