../Core/Src/main.c:148:5:main	160	static
../Core/Src/main.c:322:6:SystemClock_Config	96	static
../Core/Src/main.c:383:13:MX_CRC_Init	8	static
../Core/Src/main.c:414:13:MX_DFSDM1_Init	8	static
../Core/Src/main.c:452:13:MX_QUADSPI_Init	8	static
../Core/Src/main.c:485:13:MX_SPI3_Init	8	static
../Core/Src/main.c:525:13:MX_USART1_UART_Init	8	static
../Core/Src/main.c:560:13:MX_USART3_UART_Init	8	static
../Core/Src/main.c:595:13:MX_USB_OTG_FS_PCD_Init	8	static
../Core/Src/main.c:630:13:MX_GPIO_Init	48	static
../Core/Src/main.c:814:13:AI_Init	16	static
../Core/Src/main.c:830:13:AI_Run	24	static
../Core/Src/main.c:847:17:argmax	32	static
../Core/Src/main.c:861:13:MEMS_Init	48	static
../Core/Src/main.c:897:13:PRESSURE_Init	8	static
../Core/Src/main.c:933:13:HTS221_Init_Custom	72	static
../Core/Src/main.c:975:13:LIS3MDL_Init_Custom	48	static
../Core/Src/main.c:1011:6:printAllPressureValues	1128	static
../Core/Src/main.c:1029:6:HAL_GPIO_EXTI_Callback	16	static
../Core/Src/main.c:1051:5:_write	24	static
../Core/Src/main.c:1062:6:Error_Handler	8	static
